[apps4max.com/shahid/index.html]
[backblue.gif]
[fade.gif]
[index.html]
[apps4max.com/shahid/assets/img/brand_icons/pinned.png]
[apps4max.com/shahid/assets/img/brand_icons/favicon-16.png]
[apps4max.com/shahid/assets/img/brand_icons/favicon-32.png]
[apps4max.com/shahid/assets/img/brand_icons/favicon-48.png]
[apps4max.com/shahid/assets/img/brand_icons/favicon-coast.png]
[apps4max.com/shahid/assets/img/brand_icons/favicon-192.png]
[apps4max.com/shahid/assets/img/brand_icons/apple-touch-icon-192x192-precomposed.png]
[apps4max.com/shahid/assets/img/brand_icons/apple-touch-icon-152x152-precomposed.png]
[apps4max.com/shahid/assets/img/brand_icons/apple-touch-icon-120x120-precomposed.png]
[apps4max.com/shahid/assets/img/brand_icons/apple-touch-icon-72x72-precomposed.png]
[apps4max.com/shahid/assets/img/brand_icons/apple-touch-icon-192x192.png]
[apps4max.com/shahid/assets/img/brand_icons/apple-touch-icon-152x152.png]
[apps4max.com/shahid/assets/img/brand_icons/apple-touch-icon-120x120.png]
[apps4max.com/shahid/assets/img/brand_icons/apple-touch-icon-72x72.png]
[apps4max.com/shahid/assets/img/brand_icons/favicon-76.png]
[apps4max.com/shahid/assets/css/style.css]
[apps4max.com/shahid/assets/css/responsev.css]
[apps4max.com/shahid/assets/js/script.js]
[d12u7tum9sda5e.cloudfront.net/934d463.js]
[apps4max.com/shahid/assets/img/matches/1.jpg]
[apps4max.com/shahid/assets/img/icons/play-button.svg]
[apps4max.com/shahid/assets/img/icons/top.png]
[apps4max.com/shahid/assets/img/matches/2.jpg]
[apps4max.com/shahid/assets/img/matches/3.jpg]
[apps4max.com/shahid/assets/img/matches/4.jpg]
[apps4max.com/shahid/assets/img/matches/5.jpg]
[apps4max.com/shahid/assets/img/matches/6.jpg]
[apps4max.com/shahid/assets/img/matches/7.jpg]
[apps4max.com/shahid/assets/img/matches/8.jpg]
[apps4max.com/shahid/assets/img/matches/9.jpg]
[apps4max.com/shahid/assets/img/matches/10.jpg]
[apps4max.com/shahid/assets/img/matches/11.jpg]
[apps4max.com/shahid/assets/img/matches/12.jpg]
[apps4max.com/shahid/assets/img/matches/13.jpg]
[apps4max.com/shahid/assets/img/matches/14.jpg]
[apps4max.com/shahid/assets/img/matches/15.jpg]
[apps4max.com/shahid/assets/img/matches/16.jpg]
[apps4max.com/shahid/assets/img/matches/17.jpg]
[apps4max.com/shahid/assets/img/matches/18.jpg]
[apps4max.com/shahid/assets/img/matches/19.jpg]
[apps4max.com/shahid/assets/img/matches/20.jpg]
[apps4max.com/shahid/index.html]
[apps4max.com/shahid/assets/img/icons/checkmark.svg]
[apps4max.com/shahid/assets/img/icons/close-line.svg]
[apps4max.com/shahid/assets/img/icons/alert.svg]
[apps4max.com/shahid/assets/img/icons/eye.svg]
[apps4max.com/shahid/assets/css/style.css]
[apps4max.com/shahid/assets/css/responsev.css]
[apps4max.com/shahid/assets/img/icons/play-button.svg]
[apps4max.com/shahid/assets/img/icons/checkmark.svg]
[apps4max.com/shahid/assets/img/icons/close-line.svg]
[apps4max.com/shahid/assets/img/icons/alert.svg]
[apps4max.com/shahid/assets/img/icons/eye.svg]
